// Jest Snapshot v1, https://goo.gl/fbAQLP

exports[`Album tab component should match snapshot 1`] = `null`;
