// Jest Snapshot v1, https://goo.gl/fbAQLP

exports[`Home tab component should match snapshot 1`] = `
<RNCSafeAreaView
  edges={
    {
      "bottom": "additive",
      "left": "additive",
      "right": "additive",
      "top": "additive",
    }
  }
  style={
    [
      undefined,
      {
        "flex": 1,
        "paddingHorizontal": 30,
      },
    ]
  }
>
  <View
    style={
      {
        "alignItems": "center",
        "flexDirection": "row",
        "justifyContent": "space-between",
      }
    }
  >
    <Text
      style={
        [
          {
            "color": "rgb(28, 28, 30)",
          },
          {
            "fontFamily": "Rubik-Regular",
            "fontSize": 16,
            "lineHeight": 24,
          },
          undefined,
          undefined,
          undefined,
          undefined,
          undefined,
          undefined,
          undefined,
        ]
      }
    >
      Top artistas
    </Text>
    <ActivityIndicator
      color="rgb(0, 122, 255)"
      size="small"
    />
  </View>
  <View
    style={
      {
        "flex": 1,
        "marginTop": 30,
      }
    }
  >
    <ActivityIndicator
      color="rgb(0, 122, 255)"
      size="large"
      style={
        {
          "alignItems": "center",
          "flex": 1,
          "justifyContent": "center",
        }
      }
    />
  </View>
</RNCSafeAreaView>
`;
