// Jest Snapshot v1, https://goo.gl/fbAQLP

exports[`Playlist tab component should match snapshot 1`] = `
<RNCSafeAreaView
  edges={
    {
      "bottom": "additive",
      "left": "additive",
      "right": "additive",
      "top": "additive",
    }
  }
  style={
    [
      undefined,
      {
        "flex": 1,
        "paddingHorizontal": 30,
      },
    ]
  }
>
  <View
    style={
      {
        "alignItems": "center",
        "flexDirection": "row",
        "justifyContent": "space-between",
      }
    }
  >
    <Text
      style={
        [
          {
            "color": "rgb(28, 28, 30)",
          },
          {
            "fontFamily": "Rubik-Regular",
            "fontSize": 16,
            "lineHeight": 24,
          },
          undefined,
          undefined,
          undefined,
          undefined,
          undefined,
          undefined,
          undefined,
        ]
      }
    >
      Minhas playlists
    </Text>
    <ActivityIndicator
      color="rgb(0, 122, 255)"
      size="small"
    />
  </View>
  <View
    style={
      {
        "flex": 1,
        "flexDirection": "column",
        "gap": 30,
        "paddingBottom": 30,
      }
    }
  >
    <View
      style={
        {
          "flex": 1,
          "marginTop": 30,
        }
      }
    >
      <ActivityIndicator
        color="rgb(0, 122, 255)"
        size="large"
        style={
          {
            "alignItems": "center",
            "flex": 1,
            "justifyContent": "center",
          }
        }
      />
    </View>
    <View
      accessibilityState={
        {
          "busy": undefined,
          "checked": undefined,
          "disabled": undefined,
          "expanded": undefined,
          "selected": undefined,
        }
      }
      accessibilityValue={
        {
          "max": undefined,
          "min": undefined,
          "now": undefined,
          "text": undefined,
        }
      }
      accessible={true}
      collapsable={false}
      focusable={true}
      onClick={[Function]}
      onResponderGrant={[Function]}
      onResponderMove={[Function]}
      onResponderRelease={[Function]}
      onResponderTerminate={[Function]}
      onResponderTerminationRequest={[Function]}
      onStartShouldSetResponder={[Function]}
      style={
        {
          "backgroundColor": "rgb(0, 122, 255)",
          "borderRadius": 100,
          "marginHorizontal": "auto",
          "marginTop": 10,
          "opacity": 1,
          "paddingHorizontal": 40,
          "paddingVertical": 8,
        }
      }
    >
      <Text
        style={
          [
            {
              "color": "rgb(28, 28, 30)",
            },
            undefined,
            undefined,
            undefined,
            undefined,
            undefined,
            [
              {
                "fontFamily": "Rubik-Bold",
                "fontSize": 16,
              },
              {
                "color": "rgb(242, 242, 242)",
              },
            ],
            undefined,
            undefined,
          ]
        }
      >
        Criar playlist
      </Text>
    </View>
  </View>
</RNCSafeAreaView>
`;
